[INFO] Scanning for projects...
[INFO] 
[INFO] ---------------------< com.mycompany:Calculadora >----------------------
[INFO] Building Calculadora 1.0-SNAPSHOT
[INFO]   from pom.xml
[INFO] --------------------------------[ jar ]---------------------------------
[INFO] 
[INFO] --- resources:3.3.1:resources (default-resources) @ Calculadora ---
[INFO] skip non existing resourceDirectory /workspace/src/main/resources
[INFO] 
[INFO] --- compiler:3.11.0:compile (default-compile) @ Calculadora ---
[INFO] Nothing to compile - all classes are up to date
[INFO] 
[INFO] --- resources:3.3.1:testResources (default-testResources) @ Calculadora ---
[INFO] skip non existing resourceDirectory /workspace/src/test/resources
[INFO] 
[INFO] --- compiler:3.11.0:testCompile (default-testCompile) @ Calculadora ---
[INFO] Nothing to compile - all classes are up to date
[INFO] 
[INFO] --- surefire:3.2.5:test (default-test) @ Calculadora ---
[INFO] Using auto detected provider org.apache.maven.surefire.junitplatform.JUnitPlatformProvider
[INFO] 
[INFO] -------------------------------------------------------
[INFO]  T E S T S
[INFO] -------------------------------------------------------
[INFO] Running com.mycompany.calculadora.CalculadoraTest
­ƒö╣ Probando multiplicaci├│n: 7 * 6 = 42.0
Multiplicaci├│n correcta
­ƒö╣ Probando suma: 5 + 3 = 8.0
­ƒö╣ Probando divisi├│n por cero...
 Divisi├│n por cero no se puede
­ƒö╣ Probando potenciaci├│n: 2 ^ 3 = 8.0
Potenciaci├│n correcta
­ƒö╣ Probando divisi├│n: 20 / 5 = 4.0
Divisi├│n correcta
­ƒö╣ Probando resta: 10 - 4 = 6.0
Resta correcta
[ERROR] Tests run: 6, Failures: 1, Errors: 0, Skipped: 0, Time elapsed: 0.151 s <<< FAILURE! -- in com.mycompany.calculadora.CalculadoraTest
[ERROR] com.mycompany.calculadora.CalculadoraTest.testAddition -- Time elapsed: 0.014 s <<< FAILURE!
org.opentest4j.AssertionFailedError: 5 + 3 debe ser 9 (fallo intencional) ==> expected: <9.0> but was: <8.0>
	at org.junit.jupiter.api.AssertionFailureBuilder.build(AssertionFailureBuilder.java:151)
	at org.junit.jupiter.api.AssertionFailureBuilder.buildAndThrow(AssertionFailureBuilder.java:132)
	at org.junit.jupiter.api.AssertEquals.failNotEqual(AssertEquals.java:197)
	at org.junit.jupiter.api.AssertEquals.assertEquals(AssertEquals.java:70)
	at org.junit.jupiter.api.Assertions.assertEquals(Assertions.java:929)
	at com.mycompany.calculadora.CalculadoraTest.testAddition(CalculadoraTest.java:15)
	at java.base/java.lang.reflect.Method.invoke(Method.java:580)
	at java.base/java.util.ArrayList.forEach(ArrayList.java:1596)
	at java.base/java.util.ArrayList.forEach(ArrayList.java:1596)

[INFO] 
[INFO] Results:
[INFO] 
[ERROR] Failures: 
[ERROR]   CalculadoraTest.testAddition:15 5 + 3 debe ser 9 (fallo intencional) ==> expected: <9.0> but was: <8.0>
[INFO] 
[ERROR] Tests run: 6, Failures: 1, Errors: 0, Skipped: 0
[INFO] 
[INFO] ------------------------------------------------------------------------
[INFO] BUILD FAILURE
[INFO] ------------------------------------------------------------------------
[INFO] Total time:  2.389 s
[INFO] Finished at: 2025-09-18T03:27:00Z
[INFO] ------------------------------------------------------------------------
[ERROR] Failed to execute goal org.apache.maven.plugins:maven-surefire-plugin:3.2.5:test (default-test) on project Calculadora: There are test failures.
[ERROR] 
[ERROR] Please refer to /workspace/target/surefire-reports for the individual test results.
[ERROR] Please refer to dump files (if any exist) [date].dump, [date]-jvmRun[N].dump and [date].dumpstream.
[ERROR] -> [Help 1]
[ERROR] 
[ERROR] To see the full stack trace of the errors, re-run Maven with the -e switch.
[ERROR] Re-run Maven using the -X switch to enable full debug logging.
[ERROR] 
[ERROR] For more information about the errors and possible solutions, please read the following articles:
[ERROR] [Help 1] http://cwiki.apache.org/confluence/display/MAVEN/MojoFailureException
